// Jest Snapshot v1, https://goo.gl/fbAQLP

exports[`Test displaying a record should display the details of a record 1`] = `
Object {
  "asFragment": [Function],
  "baseElement": <body>
    <div>
      <section
        class="container-fluid data-view h-100 overflow-hidden"
      >
        <div
          class="card"
        >
          <div
            class="row h-100 overflow-hidden"
          >
            <div
              class="col-3 d-none d-lg-block h-100 overflow-scroll"
            >
              <div />
            </div>
            <div
              class="col-12 col-lg-9"
            >
              <article
                class="detail-view"
              >
                <header
                  class="d-flex"
                >
                  <h4 />
                  <nav
                    class="ms-auto"
                  >
                    <ul
                      class="nav"
                    >
                      <li
                        class="nav-item"
                      >
                        <a
                          class="btn btn-primary"
                          href="/2/edit"
                          role="button"
                        >
                          Edit
                        </a>
                      </li>
                    </ul>
                  </nav>
                </header>
                <div
                  class="card-body"
                >
                  <dl
                    class="row"
                  >
                    <dt
                      class="col-sm-3"
                    >
                      Title
                    </dt>
                    <dd
                      class="col-sm-9"
                    />
                    <dt
                      class="col-sm-3"
                    >
                      Description
                    </dt>
                    <dd
                      class="col-sm-9"
                    />
                  </dl>
                </div>
              </article>
            </div>
          </div>
        </div>
      </section>
    </div>
  </body>,
  "container": <div>
    <section
      class="container-fluid data-view h-100 overflow-hidden"
    >
      <div
        class="card"
      >
        <div
          class="row h-100 overflow-hidden"
        >
          <div
            class="col-3 d-none d-lg-block h-100 overflow-scroll"
          >
            <div />
          </div>
          <div
            class="col-12 col-lg-9"
          >
            <article
              class="detail-view"
            >
              <header
                class="d-flex"
              >
                <h4 />
                <nav
                  class="ms-auto"
                >
                  <ul
                    class="nav"
                  >
                    <li
                      class="nav-item"
                    >
                      <a
                        class="btn btn-primary"
                        href="/2/edit"
                        role="button"
                      >
                        Edit
                      </a>
                    </li>
                  </ul>
                </nav>
              </header>
              <div
                class="card-body"
              >
                <dl
                  class="row"
                >
                  <dt
                    class="col-sm-3"
                  >
                    Title
                  </dt>
                  <dd
                    class="col-sm-9"
                  />
                  <dt
                    class="col-sm-3"
                  >
                    Description
                  </dt>
                  <dd
                    class="col-sm-9"
                  />
                </dl>
              </div>
            </article>
          </div>
        </div>
      </div>
    </section>
  </div>,
  "debug": [Function],
  "findAllByAltText": [Function],
  "findAllByDisplayValue": [Function],
  "findAllByLabelText": [Function],
  "findAllByPlaceholderText": [Function],
  "findAllByRole": [Function],
  "findAllByTestId": [Function],
  "findAllByText": [Function],
  "findAllByTitle": [Function],
  "findByAltText": [Function],
  "findByDisplayValue": [Function],
  "findByLabelText": [Function],
  "findByPlaceholderText": [Function],
  "findByRole": [Function],
  "findByTestId": [Function],
  "findByText": [Function],
  "findByTitle": [Function],
  "getAllByAltText": [Function],
  "getAllByDisplayValue": [Function],
  "getAllByLabelText": [Function],
  "getAllByPlaceholderText": [Function],
  "getAllByRole": [Function],
  "getAllByTestId": [Function],
  "getAllByText": [Function],
  "getAllByTitle": [Function],
  "getByAltText": [Function],
  "getByDisplayValue": [Function],
  "getByLabelText": [Function],
  "getByPlaceholderText": [Function],
  "getByRole": [Function],
  "getByTestId": [Function],
  "getByText": [Function],
  "getByTitle": [Function],
  "queryAllByAltText": [Function],
  "queryAllByDisplayValue": [Function],
  "queryAllByLabelText": [Function],
  "queryAllByPlaceholderText": [Function],
  "queryAllByRole": [Function],
  "queryAllByTestId": [Function],
  "queryAllByText": [Function],
  "queryAllByTitle": [Function],
  "queryByAltText": [Function],
  "queryByDisplayValue": [Function],
  "queryByLabelText": [Function],
  "queryByPlaceholderText": [Function],
  "queryByRole": [Function],
  "queryByTestId": [Function],
  "queryByText": [Function],
  "queryByTitle": [Function],
  "rerender": [Function],
  "unmount": [Function],
}
`;
